// Jest Snapshot v1, https://goo.gl/fbAQLP

exports[`TheOperationsLog renders the component correctly 1`] = `
<div>
  <operations-timeline-stub></operations-timeline-stub>
</div>
`;
