// Jest Snapshot v1, https://goo.gl/fbAQLP

exports[`VOperationsTimelineItem renders the component correctly 1`] = `
<div class="timeline-item-detail">
  <div class="timeline-item-detail__content">
    <!---->
    <!---->
  </div>
</div>
`;
